mode: set
github.com/certusone/wormhole/node/pkg/query/querystaking/config.go:19.91,22.26 1 0
github.com/certusone/wormhole/node/pkg/query/querystaking/config.go:22.26,24.3 1 0
github.com/certusone/wormhole/node/pkg/query/querystaking/config.go:26.2,26.42 1 0
github.com/certusone/wormhole/node/pkg/query/querystaking/config.go:26.42,28.3 1 0
github.com/certusone/wormhole/node/pkg/query/querystaking/config.go:31.2,38.23 3 0
github.com/certusone/wormhole/node/pkg/query/querystaking/evm.go:32.54,38.33 3 1
github.com/certusone/wormhole/node/pkg/query/querystaking/evm.go:38.33,40.3 1 1
github.com/certusone/wormhole/node/pkg/query/querystaking/evm.go:42.2,53.23 9 1
github.com/certusone/wormhole/node/pkg/query/querystaking/evm.go:57.51,66.2 6 1
github.com/certusone/wormhole/node/pkg/query/querystaking/evm.go:69.58,78.2 6 1
github.com/certusone/wormhole/node/pkg/query/querystaking/evm.go:81.62,82.21 1 1
github.com/certusone/wormhole/node/pkg/query/querystaking/evm.go:82.21,84.3 1 1
github.com/certusone/wormhole/node/pkg/query/querystaking/evm.go:86.2,86.48 1 1
github.com/certusone/wormhole/node/pkg/query/querystaking/evm.go:90.56,99.2 6 1
github.com/certusone/wormhole/node/pkg/query/querystaking/evm.go:102.49,103.21 1 1
github.com/certusone/wormhole/node/pkg/query/querystaking/evm.go:103.21,105.3 1 1
github.com/certusone/wormhole/node/pkg/query/querystaking/evm.go:108.2,108.27 1 1
github.com/certusone/wormhole/node/pkg/query/querystaking/evm.go:112.56,120.2 5 1
github.com/certusone/wormhole/node/pkg/query/querystaking/evm.go:123.64,132.2 6 1
github.com/certusone/wormhole/node/pkg/query/querystaking/evm.go:136.63,137.21 1 1
github.com/certusone/wormhole/node/pkg/query/querystaking/evm.go:137.21,139.3 1 1
github.com/certusone/wormhole/node/pkg/query/querystaking/evm.go:141.2,143.19 3 1
github.com/certusone/wormhole/node/pkg/query/querystaking/evm.go:155.75,161.15 3 1
github.com/certusone/wormhole/node/pkg/query/querystaking/evm.go:161.15,163.3 1 1
github.com/certusone/wormhole/node/pkg/query/querystaking/evm.go:166.2,167.23 2 1
github.com/certusone/wormhole/node/pkg/query/querystaking/evm.go:167.23,169.3 1 1
github.com/certusone/wormhole/node/pkg/query/querystaking/evm.go:172.2,173.37 2 1
github.com/certusone/wormhole/node/pkg/query/querystaking/evm.go:173.37,179.65 4 1
github.com/certusone/wormhole/node/pkg/query/querystaking/evm.go:179.65,181.4 1 1
github.com/certusone/wormhole/node/pkg/query/querystaking/evm.go:182.3,183.17 2 1
github.com/certusone/wormhole/node/pkg/query/querystaking/evm.go:183.17,185.4 1 1
github.com/certusone/wormhole/node/pkg/query/querystaking/evm.go:188.3,189.74 2 1
github.com/certusone/wormhole/node/pkg/query/querystaking/evm.go:189.74,191.4 1 1
github.com/certusone/wormhole/node/pkg/query/querystaking/evm.go:192.3,193.17 2 1
github.com/certusone/wormhole/node/pkg/query/querystaking/evm.go:193.17,195.4 1 1
github.com/certusone/wormhole/node/pkg/query/querystaking/evm.go:197.3,200.5 1 1
github.com/certusone/wormhole/node/pkg/query/querystaking/evm.go:203.2,203.24 1 1
github.com/certusone/wormhole/node/pkg/query/querystaking/evm.go:203.24,205.3 1 0
github.com/certusone/wormhole/node/pkg/query/querystaking/evm.go:207.2,207.22 1 1
github.com/certusone/wormhole/node/pkg/query/querystaking/evm.go:211.38,213.2 1 1
github.com/certusone/wormhole/node/pkg/query/querystaking/evm.go:216.63,218.2 1 1
github.com/certusone/wormhole/node/pkg/query/querystaking/evm.go:221.69,223.2 1 1
github.com/certusone/wormhole/node/pkg/query/querystaking/evm.go:226.63,228.2 1 1
github.com/certusone/wormhole/node/pkg/query/querystaking/pools.go:66.49,68.34 2 1
github.com/certusone/wormhole/node/pkg/query/querystaking/pools.go:68.34,69.14 1 1
github.com/certusone/wormhole/node/pkg/query/querystaking/pools.go:69.14,70.12 1 1
github.com/certusone/wormhole/node/pkg/query/querystaking/pools.go:72.3,73.20 2 1
github.com/certusone/wormhole/node/pkg/query/querystaking/pools.go:73.20,74.12 1 0
github.com/certusone/wormhole/node/pkg/query/querystaking/pools.go:76.3,78.36 3 1
github.com/certusone/wormhole/node/pkg/query/querystaking/pools.go:80.2,80.13 1 1
github.com/certusone/wormhole/node/pkg/query/querystaking/pools.go:110.115,116.2 1 0
github.com/certusone/wormhole/node/pkg/query/querystaking/pools.go:119.140,138.16 7 0
github.com/certusone/wormhole/node/pkg/query/querystaking/pools.go:138.16,148.3 3 0
github.com/certusone/wormhole/node/pkg/query/querystaking/pools.go:151.2,155.16 4 0
github.com/certusone/wormhole/node/pkg/query/querystaking/pools.go:155.16,163.3 3 0
github.com/certusone/wormhole/node/pkg/query/querystaking/pools.go:166.2,174.23 2 0
github.com/certusone/wormhole/node/pkg/query/querystaking/pools.go:178.148,185.16 3 0
github.com/certusone/wormhole/node/pkg/query/querystaking/pools.go:185.16,191.3 2 0
github.com/certusone/wormhole/node/pkg/query/querystaking/pools.go:193.2,194.16 2 0
github.com/certusone/wormhole/node/pkg/query/querystaking/pools.go:194.16,200.3 2 0
github.com/certusone/wormhole/node/pkg/query/querystaking/pools.go:202.2,202.27 1 0
github.com/certusone/wormhole/node/pkg/query/querystaking/pools.go:207.148,209.30 1 0
github.com/certusone/wormhole/node/pkg/query/querystaking/pools.go:209.30,214.3 2 0
github.com/certusone/wormhole/node/pkg/query/querystaking/pools.go:217.2,218.16 2 0
github.com/certusone/wormhole/node/pkg/query/querystaking/pools.go:218.16,220.3 1 0
github.com/certusone/wormhole/node/pkg/query/querystaking/pools.go:223.2,223.35 1 0
github.com/certusone/wormhole/node/pkg/query/querystaking/pools.go:223.35,225.44 1 0
github.com/certusone/wormhole/node/pkg/query/querystaking/pools.go:225.44,228.4 1 0
github.com/certusone/wormhole/node/pkg/query/querystaking/pools.go:229.3,230.62 1 0
github.com/certusone/wormhole/node/pkg/query/querystaking/pools.go:233.2,238.12 2 0
github.com/certusone/wormhole/node/pkg/query/querystaking/pools.go:242.133,249.16 3 0
github.com/certusone/wormhole/node/pkg/query/querystaking/pools.go:249.16,255.3 2 0
github.com/certusone/wormhole/node/pkg/query/querystaking/pools.go:257.2,258.16 2 0
github.com/certusone/wormhole/node/pkg/query/querystaking/pools.go:258.16,264.3 2 0
github.com/certusone/wormhole/node/pkg/query/querystaking/pools.go:266.2,266.23 1 0
github.com/certusone/wormhole/node/pkg/query/querystaking/pools.go:270.146,271.42 1 0
github.com/certusone/wormhole/node/pkg/query/querystaking/pools.go:271.42,273.3 1 0
github.com/certusone/wormhole/node/pkg/query/querystaking/pools.go:275.2,281.16 3 0
github.com/certusone/wormhole/node/pkg/query/querystaking/pools.go:281.16,287.3 2 0
github.com/certusone/wormhole/node/pkg/query/querystaking/pools.go:289.2,290.16 2 0
github.com/certusone/wormhole/node/pkg/query/querystaking/pools.go:290.16,296.3 2 0
github.com/certusone/wormhole/node/pkg/query/querystaking/pools.go:298.2,298.25 1 0
github.com/certusone/wormhole/node/pkg/query/querystaking/pools.go:302.154,309.16 3 0
github.com/certusone/wormhole/node/pkg/query/querystaking/pools.go:309.16,315.3 2 0
github.com/certusone/wormhole/node/pkg/query/querystaking/pools.go:317.2,318.16 2 0
github.com/certusone/wormhole/node/pkg/query/querystaking/pools.go:318.16,324.3 2 0
github.com/certusone/wormhole/node/pkg/query/querystaking/pools.go:326.2,326.19 1 0
github.com/certusone/wormhole/node/pkg/query/querystaking/pools.go:332.93,333.67 1 1
github.com/certusone/wormhole/node/pkg/query/querystaking/pools.go:333.67,335.3 1 1
github.com/certusone/wormhole/node/pkg/query/querystaking/pools.go:338.2,339.16 2 1
github.com/certusone/wormhole/node/pkg/query/querystaking/pools.go:339.16,342.3 1 1
github.com/certusone/wormhole/node/pkg/query/querystaking/pools.go:346.2,349.26 3 1
github.com/certusone/wormhole/node/pkg/query/querystaking/pools.go:349.26,350.47 1 1
github.com/certusone/wormhole/node/pkg/query/querystaking/pools.go:350.47,352.4 1 1
github.com/certusone/wormhole/node/pkg/query/querystaking/pools.go:352.9,353.9 1 1
github.com/certusone/wormhole/node/pkg/query/querystaking/pools.go:358.2,358.28 1 1
github.com/certusone/wormhole/node/pkg/query/querystaking/pools.go:358.28,360.3 1 1
github.com/certusone/wormhole/node/pkg/query/querystaking/pools.go:364.2,370.18 4 1
github.com/certusone/wormhole/node/pkg/query/querystaking/pools.go:370.18,372.3 1 1
github.com/certusone/wormhole/node/pkg/query/querystaking/pools.go:374.2,377.3 1 1
github.com/certusone/wormhole/node/pkg/query/querystaking/pools.go:383.137,402.50 8 0
github.com/certusone/wormhole/node/pkg/query/querystaking/pools.go:402.50,407.17 3 0
github.com/certusone/wormhole/node/pkg/query/querystaking/pools.go:407.17,414.12 4 0
github.com/certusone/wormhole/node/pkg/query/querystaking/pools.go:418.3,418.40 1 0
github.com/certusone/wormhole/node/pkg/query/querystaking/pools.go:418.40,420.12 2 0
github.com/certusone/wormhole/node/pkg/query/querystaking/pools.go:424.3,424.106 1 0
github.com/certusone/wormhole/node/pkg/query/querystaking/pools.go:424.106,433.12 4 0
github.com/certusone/wormhole/node/pkg/query/querystaking/pools.go:436.3,437.17 2 0
github.com/certusone/wormhole/node/pkg/query/querystaking/pools.go:437.17,445.12 4 0
github.com/certusone/wormhole/node/pkg/query/querystaking/pools.go:449.3,449.28 1 0
github.com/certusone/wormhole/node/pkg/query/querystaking/pools.go:449.28,455.12 3 0
github.com/certusone/wormhole/node/pkg/query/querystaking/pools.go:459.3,460.17 2 0
github.com/certusone/wormhole/node/pkg/query/querystaking/pools.go:460.17,467.4 1 0
github.com/certusone/wormhole/node/pkg/query/querystaking/pools.go:467.9,467.27 1 0
github.com/certusone/wormhole/node/pkg/query/querystaking/pools.go:467.27,473.12 3 0
github.com/certusone/wormhole/node/pkg/query/querystaking/pools.go:477.3,477.31 1 0
github.com/certusone/wormhole/node/pkg/query/querystaking/pools.go:477.31,479.18 2 0
github.com/certusone/wormhole/node/pkg/query/querystaking/pools.go:479.18,486.5 1 0
github.com/certusone/wormhole/node/pkg/query/querystaking/pools.go:486.10,486.28 1 0
github.com/certusone/wormhole/node/pkg/query/querystaking/pools.go:486.28,492.13 3 0
github.com/certusone/wormhole/node/pkg/query/querystaking/pools.go:496.3,496.40 1 0
github.com/certusone/wormhole/node/pkg/query/querystaking/pools.go:496.40,504.12 3 0
github.com/certusone/wormhole/node/pkg/query/querystaking/pools.go:508.3,513.17 4 0
github.com/certusone/wormhole/node/pkg/query/querystaking/pools.go:513.17,522.12 4 0
github.com/certusone/wormhole/node/pkg/query/querystaking/pools.go:526.3,530.29 3 0
github.com/certusone/wormhole/node/pkg/query/querystaking/pools.go:530.29,532.4 1 0
github.com/certusone/wormhole/node/pkg/query/querystaking/pools.go:532.9,532.36 1 0
github.com/certusone/wormhole/node/pkg/query/querystaking/pools.go:532.36,534.4 1 0
github.com/certusone/wormhole/node/pkg/query/querystaking/pools.go:537.3,537.57 1 0
github.com/certusone/wormhole/node/pkg/query/querystaking/pools.go:537.57,539.12 2 0
github.com/certusone/wormhole/node/pkg/query/querystaking/pools.go:542.3,552.45 2 0
github.com/certusone/wormhole/node/pkg/query/querystaking/pools.go:552.45,560.63 4 0
github.com/certusone/wormhole/node/pkg/query/querystaking/pools.go:560.63,562.55 2 0
github.com/certusone/wormhole/node/pkg/query/querystaking/pools.go:562.55,565.6 2 0
github.com/certusone/wormhole/node/pkg/query/querystaking/pools.go:566.5,566.55 1 0
github.com/certusone/wormhole/node/pkg/query/querystaking/pools.go:566.55,569.6 2 0
github.com/certusone/wormhole/node/pkg/query/querystaking/pools.go:570.5,572.16 2 0
github.com/certusone/wormhole/node/pkg/query/querystaking/pools.go:572.16,578.6 1 0
github.com/certusone/wormhole/node/pkg/query/querystaking/pools.go:579.10,586.5 2 0
github.com/certusone/wormhole/node/pkg/query/querystaking/pools.go:591.2,604.25 4 0
github.com/certusone/wormhole/node/pkg/query/querystaking/pools.go:604.25,606.3 1 0
github.com/certusone/wormhole/node/pkg/query/querystaking/pools.go:606.8,608.3 1 0
github.com/certusone/wormhole/node/pkg/query/querystaking/pools.go:610.2,610.20 1 0
github.com/certusone/wormhole/node/pkg/query/querystaking/provider.go:13.185,20.98 2 0
github.com/certusone/wormhole/node/pkg/query/querystaking/provider.go:20.98,23.3 1 0
github.com/certusone/wormhole/node/pkg/query/querystaking/provider.go:26.2,31.3 1 0
